G:\Documentos\workspacespring\MOP-api-idUnica\src\main\java\br\embrapa\repository\consultas\AppAvaliacaoRepositoryImpl.java
G:\Documentos\workspacespring\MOP-api-idUnica\src\main\java\br\embrapa\repository\projections\ResumoModLocal2.java
G:\Documentos\workspacespring\MOP-api-idUnica\src\main\java\br\embrapa\repository\filter\MenuEmpresaFilter.java
G:\Documentos\workspacespring\MOP-api-idUnica\src\main\java\br\embrapa\repository\consultas\ModNivel3RepositoryQuery.java
G:\Documentos\workspacespring\MOP-api-idUnica\src\main\java\br\embrapa\event\RecursoCriadoEvent.java
G:\Documentos\workspacespring\MOP-api-idUnica\src\main\java\br\embrapa\repository\filter\ModNivel3Filter.java
G:\Documentos\workspacespring\MOP-api-idUnica\src\main\java\br\embrapa\repository\ModLocal1Repository.java
G:\Documentos\workspacespring\MOP-api-idUnica\src\main\java\br\embrapa\repository\filter\Verificador_Local_mFilter.java
G:\Documentos\workspacespring\MOP-api-idUnica\src\main\java\br\embrapa\dto\TodosOsVerificadores.java
G:\Documentos\workspacespring\MOP-api-idUnica\src\main\java\br\embrapa\model\ModNivel1.java
G:\Documentos\workspacespring\MOP-api-idUnica\src\main\java\br\embrapa\repository\projections\ResumoCadTipoDeMetodo.java
G:\Documentos\workspacespring\MOP-api-idUnica\src\main\java\br\embrapa\resource\Verificador_Local_mResource.java
G:\Documentos\workspacespring\MOP-api-idUnica\src\main\java\br\embrapa\model\Usuario_.java
G:\Documentos\workspacespring\MOP-api-idUnica\src\main\java\br\embrapa\repository\consultas\Verificador_mRepositoryQuery.java
G:\Documentos\workspacespring\MOP-api-idUnica\src\main\java\br\embrapa\resource\ModVerificadoresMonitoramentoTemplateResource.java
G:\Documentos\workspacespring\MOP-api-idUnica\src\main\java\br\embrapa\repository\consultas\CadEmpresaRepositoryQuery.java
G:\Documentos\workspacespring\MOP-api-idUnica\src\main\java\br\embrapa\model\CadEmpresa.java
G:\Documentos\workspacespring\MOP-api-idUnica\src\main\java\br\embrapa\service\ModNivel2Service.java
G:\Documentos\workspacespring\MOP-api-idUnica\src\main\java\br\embrapa\repository\AppAvaliacaoRepository.java
G:\Documentos\workspacespring\MOP-api-idUnica\src\main\java\br\embrapa\repository\consultas\ModNivel4RepositoryQuery.java
G:\Documentos\workspacespring\MOP-api-idUnica\src\main\java\br\embrapa\service\Verificador_mService.java
G:\Documentos\workspacespring\MOP-api-idUnica\src\main\java\br\embrapa\model\ModVerificadoresMonitoramentoTemplate_.java
G:\Documentos\workspacespring\MOP-api-idUnica\src\main\java\br\embrapa\service\ModNivel4Service.java
G:\Documentos\workspacespring\MOP-api-idUnica\src\main\java\br\embrapa\model\CadNivelDeAvaliacao.java
G:\Documentos\workspacespring\MOP-api-idUnica\src\main\java\br\embrapa\config\ResourceServerConfig.java
G:\Documentos\workspacespring\MOP-api-idUnica\src\main\java\br\embrapa\repository\projections\ResumoModLocal1.java
G:\Documentos\workspacespring\MOP-api-idUnica\src\main\java\br\embrapa\resource\CadNivelDeAvaliacaoResource.java
G:\Documentos\workspacespring\MOP-api-idUnica\src\main\java\br\embrapa\repository\CadAmostragemRepository.java
G:\Documentos\workspacespring\MOP-api-idUnica\src\main\java\br\embrapa\model\ModLocal3_.java
G:\Documentos\workspacespring\MOP-api-idUnica\src\main\java\br\embrapa\repository\projections\ResumoVerificadoresMonitoramentoTemplateTeste.java
G:\Documentos\workspacespring\MOP-api-idUnica\src\main\java\br\embrapa\repository\CadEmpresaRepository.java
G:\Documentos\workspacespring\MOP-api-idUnica\src\main\java\br\embrapa\model\ModNivel3_.java
G:\Documentos\workspacespring\MOP-api-idUnica\src\main\java\br\embrapa\repository\ModMonitoramentoTemplateRepository.java
G:\Documentos\workspacespring\MOP-api-idUnica\src\main\java\br\embrapa\repository\filter\AppAvaliacaoFilter.java
G:\Documentos\workspacespring\MOP-api-idUnica\src\main\java\br\embrapa\repository\consultas\ModLocal2RepositoryImpl.java
G:\Documentos\workspacespring\MOP-api-idUnica\src\main\java\br\embrapa\config\AuthorizationServerConfig.java
G:\Documentos\workspacespring\MOP-api-idUnica\src\main\java\br\embrapa\repository\consultas\ModLocal1RepositoryImpl.java
G:\Documentos\workspacespring\MOP-api-idUnica\src\main\java\br\embrapa\MopApi1Application.java
G:\Documentos\workspacespring\MOP-api-idUnica\src\main\java\br\embrapa\repository\consultas\CadTipoDeMetodoRepositoryImpl.java
G:\Documentos\workspacespring\MOP-api-idUnica\src\main\java\br\embrapa\repository\filter\CadTipoDeVerificadorFilter.java
G:\Documentos\workspacespring\MOP-api-idUnica\src\main\java\br\embrapa\repository\Verificador_Local_mRepository.java
G:\Documentos\workspacespring\MOP-api-idUnica\src\main\java\br\embrapa\repository\ModNivel1Repository.java
G:\Documentos\workspacespring\MOP-api-idUnica\src\main\java\br\embrapa\repository\projections\ResumoCadMaterial.java
G:\Documentos\workspacespring\MOP-api-idUnica\src\main\java\br\embrapa\repository\consultas\AppAvaliacaoRepositoryQuery.java
G:\Documentos\workspacespring\MOP-api-idUnica\src\main\java\br\embrapa\repository\filter\CadTipoDeMetodoFilter.java
G:\Documentos\workspacespring\MOP-api-idUnica\src\main\java\br\embrapa\repository\consultas\ModNivel1RepositoryQuery.java
G:\Documentos\workspacespring\MOP-api-idUnica\src\main\java\br\embrapa\repository\filter\ModLocal2Filter.java
G:\Documentos\workspacespring\MOP-api-idUnica\src\main\java\br\embrapa\repository\projections\ResumoModNivel2.java
G:\Documentos\workspacespring\MOP-api-idUnica\src\main\java\br\embrapa\repository\filter\CadFrequenciaFilter.java
G:\Documentos\workspacespring\MOP-api-idUnica\src\main\java\br\embrapa\repository\AppVerificadoresMonitoramentoRepository.java
G:\Documentos\workspacespring\MOP-api-idUnica\src\main\java\br\embrapa\resource\ModNivel2Resource.java
G:\Documentos\workspacespring\MOP-api-idUnica\src\main\java\br\embrapa\resource\CadTipoDeMetodoResource.java
G:\Documentos\workspacespring\MOP-api-idUnica\src\main\java\br\embrapa\model\CadMaterial_.java
G:\Documentos\workspacespring\MOP-api-idUnica\src\main\java\br\embrapa\service\CadTipoDeVerificadorService.java
G:\Documentos\workspacespring\MOP-api-idUnica\src\main\java\br\embrapa\repository\filter\CadNivelDeAvaliacaoFilter.java
G:\Documentos\workspacespring\MOP-api-idUnica\src\main\java\br\embrapa\repository\consultas\ModNivel2RepositoryQuery.java
G:\Documentos\workspacespring\MOP-api-idUnica\src\main\java\br\embrapa\repository\filter\ModLocal3Filter.java
G:\Documentos\workspacespring\MOP-api-idUnica\src\main\java\br\embrapa\repository\filter\CadAmostragemFilter.java
G:\Documentos\workspacespring\MOP-api-idUnica\src\main\java\br\embrapa\repository\projections\ResumoModNivel4.java
G:\Documentos\workspacespring\MOP-api-idUnica\src\main\java\br\embrapa\token\RefreshTokenPostProcessor.java
G:\Documentos\workspacespring\MOP-api-idUnica\src\main\java\br\embrapa\token\RefreshTokenCookiePreProcessorFilter.java
G:\Documentos\workspacespring\MOP-api-idUnica\src\main\java\br\embrapa\repository\consultas\CadFrequenciaRepositoryImpl.java
G:\Documentos\workspacespring\MOP-api-idUnica\src\main\java\br\embrapa\repository\consultas\CadTipoDeVerificadorRepositoryQuery.java
G:\Documentos\workspacespring\MOP-api-idUnica\src\main\java\br\embrapa\config\property\MopApiProperty.java
G:\Documentos\workspacespring\MOP-api-idUnica\src\main\java\br\embrapa\repository\filter\AppVerificadoresMonitoramentoFilter.java
G:\Documentos\workspacespring\MOP-api-idUnica\src\main\java\br\embrapa\repository\consultas\CadEmpresaRepositoryImpl.java
G:\Documentos\workspacespring\MOP-api-idUnica\src\main\java\br\embrapa\service\Verificador_Local_mService.java
G:\Documentos\workspacespring\MOP-api-idUnica\src\main\java\br\embrapa\repository\consultas\ModVerificadoresMonitoramentoTemplateRepositoryImpl.java
G:\Documentos\workspacespring\MOP-api-idUnica\src\main\java\br\embrapa\repository\consultas\CadTipoDeMetodoRepositoryQuery.java
G:\Documentos\workspacespring\MOP-api-idUnica\src\main\java\br\embrapa\repository\consultas\ModMonitoramentoTemplateRepositoryQuery.java
G:\Documentos\workspacespring\MOP-api-idUnica\src\main\java\br\embrapa\repository\filter\Verificador_mFilter.java
G:\Documentos\workspacespring\MOP-api-idUnica\src\main\java\br\embrapa\security\GeradorDeSenhas.java
G:\Documentos\workspacespring\MOP-api-idUnica\src\main\java\br\embrapa\repository\filter\ModNivel1Filter.java
G:\Documentos\workspacespring\MOP-api-idUnica\src\main\java\br\embrapa\repository\MenuEmpresaRepository.java
G:\Documentos\workspacespring\MOP-api-idUnica\src\main\java\br\embrapa\model\Verificador_Local_m_.java
G:\Documentos\workspacespring\MOP-api-idUnica\src\main\java\br\embrapa\repository\projections\ResumoVerificador_Local_m.java
G:\Documentos\workspacespring\MOP-api-idUnica\src\main\java\br\embrapa\repository\consultas\CadNivelDeAvaliacaoRepositoryImpl.java
G:\Documentos\workspacespring\MOP-api-idUnica\src\main\java\br\embrapa\repository\consultas\ModLocal3RepositoryImpl.java
G:\Documentos\workspacespring\MOP-api-idUnica\src\main\java\br\embrapa\repository\projections\ResumoCadFrequencia.java
G:\Documentos\workspacespring\MOP-api-idUnica\src\main\java\br\embrapa\resource\MenuEmpresaResource.java
G:\Documentos\workspacespring\MOP-api-idUnica\src\main\java\br\embrapa\repository\projections\ResumoVerificadoresMonitoramentoTemplate.java
G:\Documentos\workspacespring\MOP-api-idUnica\src\main\java\br\embrapa\resource\CadTipoDeVerificadorResource.java
G:\Documentos\workspacespring\MOP-api-idUnica\src\main\java\br\embrapa\repository\CadMaterialRepository.java
G:\Documentos\workspacespring\MOP-api-idUnica\src\main\java\br\embrapa\service\CadNivelDeAvaliacaoService.java
G:\Documentos\workspacespring\MOP-api-idUnica\src\main\java\br\embrapa\resource\AppAvaliacaoResource.java
G:\Documentos\workspacespring\MOP-api-idUnica\src\main\java\br\embrapa\model\AppAvaliacao.java
G:\Documentos\workspacespring\MOP-api-idUnica\src\main\java\br\embrapa\model\ModNivel2_.java
G:\Documentos\workspacespring\MOP-api-idUnica\src\main\java\br\embrapa\model\ModNivel4.java
G:\Documentos\workspacespring\MOP-api-idUnica\src\main\java\br\embrapa\model\AppColetaDeDaDos.java
G:\Documentos\workspacespring\MOP-api-idUnica\src\main\java\br\embrapa\model\CadFrequencia_.java
G:\Documentos\workspacespring\MOP-api-idUnica\src\main\java\br\embrapa\model\MenuEmpresa.java
G:\Documentos\workspacespring\MOP-api-idUnica\src\main\java\br\embrapa\repository\CadTipoDeVerificadorRepository.java
G:\Documentos\workspacespring\MOP-api-idUnica\src\main\java\br\embrapa\model\Verificador_m.java
G:\Documentos\workspacespring\MOP-api-idUnica\src\main\java\br\embrapa\repository\filter\CadMaterialFilter.java
G:\Documentos\workspacespring\MOP-api-idUnica\src\main\java\br\embrapa\repository\consultas\MenuEmpresaRepositoryQuery.java
G:\Documentos\workspacespring\MOP-api-idUnica\src\main\java\br\embrapa\repository\ModNivel2Repository.java
G:\Documentos\workspacespring\MOP-api-idUnica\src\main\java\br\embrapa\resource\ModNivel3Resource.java
G:\Documentos\workspacespring\MOP-api-idUnica\src\main\java\br\embrapa\repository\consultas\CadAmostragemRepositoryImpl.java
G:\Documentos\workspacespring\MOP-api-idUnica\src\main\java\br\embrapa\model\AppVerificadoresMonitoramento_.java
G:\Documentos\workspacespring\MOP-api-idUnica\src\main\java\br\embrapa\repository\consultas\CadNivelDeAvaliacaoRepositoryQuery.java
G:\Documentos\workspacespring\MOP-api-idUnica\src\main\java\br\embrapa\config\BasicSecurityConfig.java
G:\Documentos\workspacespring\MOP-api-idUnica\src\main\java\br\embrapa\repository\consultas\AppVerificadoresMonitoramentoRepositoryImpl.java
G:\Documentos\workspacespring\MOP-api-idUnica\src\main\java\br\embrapa\model\AppMonitoramento_.java
G:\Documentos\workspacespring\MOP-api-idUnica\src\main\java\br\embrapa\model\ModNivel1_.java
G:\Documentos\workspacespring\MOP-api-idUnica\src\main\java\br\embrapa\repository\consultas\ModMonitoramentoTemplateRepositoryImpl.java
G:\Documentos\workspacespring\MOP-api-idUnica\src\main\java\br\embrapa\repository\projections\ResumoModLocal3.java
G:\Documentos\workspacespring\MOP-api-idUnica\src\main\java\br\embrapa\event\listener\RecursoCriadoListener.java
G:\Documentos\workspacespring\MOP-api-idUnica\src\main\java\br\embrapa\model\pk\Verificador_m_PK.java
G:\Documentos\workspacespring\MOP-api-idUnica\src\main\java\br\embrapa\service\MenuEmpresaService.java
G:\Documentos\workspacespring\MOP-api-idUnica\src\main\java\br\embrapa\model\CadAmostragem.java
G:\Documentos\workspacespring\MOP-api-idUnica\src\main\java\br\embrapa\repository\consultas\Verificador_mRepositoryImpl.java
G:\Documentos\workspacespring\MOP-api-idUnica\src\main\java\br\embrapa\repository\consultas\Verificador_Local_mRepositoryQuery.java
G:\Documentos\workspacespring\MOP-api-idUnica\src\main\java\br\embrapa\repository\projections\ResumoModVerificadorLocal.java
G:\Documentos\workspacespring\MOP-api-idUnica\src\main\java\br\embrapa\resource\TokenResource.java
G:\Documentos\workspacespring\MOP-api-idUnica\src\main\java\br\embrapa\model\CadAmostragem_.java
G:\Documentos\workspacespring\MOP-api-idUnica\src\main\java\br\embrapa\model\ModNivel2.java
G:\Documentos\workspacespring\MOP-api-idUnica\src\main\java\br\embrapa\resource\ModLocal1Resource.java
G:\Documentos\workspacespring\MOP-api-idUnica\src\main\java\br\embrapa\service\ModNivel3Service.java
G:\Documentos\workspacespring\MOP-api-idUnica\src\main\java\br\embrapa\repository\consultas\ModLocal1RepositoryQuery.java
G:\Documentos\workspacespring\MOP-api-idUnica\src\main\java\br\embrapa\security\AppUserDetailsService.java
G:\Documentos\workspacespring\MOP-api-idUnica\src\main\java\br\embrapa\model\ModLocal2.java
G:\Documentos\workspacespring\MOP-api-idUnica\src\main\java\br\embrapa\repository\consultas\AppMonitoramentoRepositoryQuery.java
G:\Documentos\workspacespring\MOP-api-idUnica\src\main\java\br\embrapa\resource\CadAmostragemResource.java
G:\Documentos\workspacespring\MOP-api-idUnica\src\main\java\br\embrapa\model\ModMonitoramentoTemplate.java
G:\Documentos\workspacespring\MOP-api-idUnica\src\main\java\br\embrapa\model\Verificador_m_.java
G:\Documentos\workspacespring\MOP-api-idUnica\src\main\java\br\embrapa\repository\projections\ResumoCadAmostragem.java
G:\Documentos\workspacespring\MOP-api-idUnica\src\main\java\br\embrapa\model\CadTipoDeMetodo.java
G:\Documentos\workspacespring\MOP-api-idUnica\src\main\java\br\embrapa\service\ModNivel1Service.java
G:\Documentos\workspacespring\MOP-api-idUnica\src\main\java\br\embrapa\model\MenuEmpresa_.java
G:\Documentos\workspacespring\MOP-api-idUnica\src\main\java\br\embrapa\service\CadEmpresaService.java
G:\Documentos\workspacespring\MOP-api-idUnica\src\main\java\br\embrapa\repository\filter\ModNivel2Filter.java
G:\Documentos\workspacespring\MOP-api-idUnica\src\main\java\br\embrapa\repository\consultas\ModLocal2RepositoryQuery.java
G:\Documentos\workspacespring\MOP-api-idUnica\src\main\java\br\embrapa\model\ModNivel3.java
G:\Documentos\workspacespring\MOP-api-idUnica\src\main\java\br\embrapa\repository\CadTipoDeMetodoRepository.java
G:\Documentos\workspacespring\MOP-api-idUnica\src\main\java\br\embrapa\repository\consultas\CadTipoDeVerificadorRepositoryImpl.java
G:\Documentos\workspacespring\MOP-api-idUnica\src\main\java\br\embrapa\model\AppColetaDeDaDos_.java
G:\Documentos\workspacespring\MOP-api-idUnica\src\main\java\br\embrapa\model\ModVerificadoresMonitoramentoTemplate.java
G:\Documentos\workspacespring\MOP-api-idUnica\src\main\java\br\embrapa\model\Permissao_.java
G:\Documentos\workspacespring\MOP-api-idUnica\src\main\java\br\embrapa\service\AppAvaliacaoService.java
G:\Documentos\workspacespring\MOP-api-idUnica\src\main\java\br\embrapa\repository\consultas\ModLocal3RepositoryQuery.java
G:\Documentos\workspacespring\MOP-api-idUnica\src\main\java\br\embrapa\repository\ModVerificadoresMonitoramentoTemplateRepository.java
G:\Documentos\workspacespring\MOP-api-idUnica\src\main\java\br\embrapa\repository\filter\ModNivel4Filter.java
G:\Documentos\workspacespring\MOP-api-idUnica\src\main\java\br\embrapa\repository\Verificador_mRepository.java
G:\Documentos\workspacespring\MOP-api-idUnica\src\main\java\br\embrapa\repository\consultas\AppVerificadoresMonitoramentoRepositoryQuery.java
G:\Documentos\workspacespring\MOP-api-idUnica\src\main\java\br\embrapa\resource\ModNivel4Resource.java
G:\Documentos\workspacespring\MOP-api-idUnica\src\main\java\br\embrapa\repository\consultas\ModNivel4RepositoryImpl.java
G:\Documentos\workspacespring\MOP-api-idUnica\src\main\java\br\embrapa\repository\consultas\ModNivel2RepositoryImpl.java
G:\Documentos\workspacespring\MOP-api-idUnica\src\main\java\br\embrapa\repository\consultas\ModNivel3RepositoryImpl.java
G:\Documentos\workspacespring\MOP-api-idUnica\src\main\java\br\embrapa\repository\filter\ModLocal1Filter.java
G:\Documentos\workspacespring\MOP-api-idUnica\src\main\java\br\embrapa\repository\ModLocal3Repository.java
G:\Documentos\workspacespring\MOP-api-idUnica\src\main\java\br\embrapa\repository\ModNivel3Repository.java
G:\Documentos\workspacespring\MOP-api-idUnica\src\main\java\br\embrapa\model\AppMonitoramento.java
G:\Documentos\workspacespring\MOP-api-idUnica\src\main\java\br\embrapa\repository\consultas\ModNivel1RepositoryImpl.java
G:\Documentos\workspacespring\MOP-api-idUnica\src\main\java\br\embrapa\repository\CadNivelDeAvaliacaoRepository.java
G:\Documentos\workspacespring\MOP-api-idUnica\src\main\java\br\embrapa\repository\filter\CadEmpresaFilter.java
G:\Documentos\workspacespring\MOP-api-idUnica\src\main\java\br\embrapa\model\CadTipoDeMetodo_.java
G:\Documentos\workspacespring\MOP-api-idUnica\src\main\java\br\embrapa\resource\Verificador_mResource.java
G:\Documentos\workspacespring\MOP-api-idUnica\src\main\java\br\embrapa\service\ModMonitoramentoTemplateService.java
G:\Documentos\workspacespring\MOP-api-idUnica\src\main\java\br\embrapa\repository\consultas\AppMonitoramentoRepositoryImpl.java
G:\Documentos\workspacespring\MOP-api-idUnica\src\main\java\br\embrapa\model\ModLocal3.java
G:\Documentos\workspacespring\MOP-api-idUnica\src\main\java\br\embrapa\repository\filter\AppMonitoramentoFilter.java
G:\Documentos\workspacespring\MOP-api-idUnica\src\main\java\br\embrapa\service\CadFrequenciaService.java
G:\Documentos\workspacespring\MOP-api-idUnica\src\main\java\br\embrapa\model\ModLocal1_.java
G:\Documentos\workspacespring\MOP-api-idUnica\src\main\java\br\embrapa\model\ModNivel4_.java
G:\Documentos\workspacespring\MOP-api-idUnica\src\main\java\br\embrapa\repository\consultas\CadMaterialRepositoryImpl.java
G:\Documentos\workspacespring\MOP-api-idUnica\src\main\java\br\embrapa\model\CadFrequencia.java
G:\Documentos\workspacespring\MOP-api-idUnica\src\main\java\br\embrapa\model\CadMaterial.java
G:\Documentos\workspacespring\MOP-api-idUnica\src\main\java\br\embrapa\model\CadNivelDeAvaliacao_.java
G:\Documentos\workspacespring\MOP-api-idUnica\src\main\java\br\embrapa\model\Usuario.java
G:\Documentos\workspacespring\MOP-api-idUnica\src\main\java\br\embrapa\repository\filter\ModMonitoramentoTemplateFilter.java
G:\Documentos\workspacespring\MOP-api-idUnica\src\main\java\br\embrapa\resource\AppMonitoramentoResource.java
G:\Documentos\workspacespring\MOP-api-idUnica\src\main\java\br\embrapa\repository\consultas\CadMaterialRepositoryQuery.java
G:\Documentos\workspacespring\MOP-api-idUnica\src\main\java\br\embrapa\resource\ModLocal3Resource.java
G:\Documentos\workspacespring\MOP-api-idUnica\src\main\java\br\embrapa\resource\ModLocal2Resource.java
G:\Documentos\workspacespring\MOP-api-idUnica\src\main\java\br\embrapa\service\AppMonitoramentoService.java
G:\Documentos\workspacespring\MOP-api-idUnica\src\main\java\br\embrapa\repository\projections\ResumoVerificador_m.java
G:\Documentos\workspacespring\MOP-api-idUnica\src\main\java\br\embrapa\repository\consultas\ModVerificadoresMonitoramentoTemplateRepositoryQuery.java
G:\Documentos\workspacespring\MOP-api-idUnica\src\main\java\br\embrapa\repository\consultas\MenuEmpresaRepositoryImpl.java
G:\Documentos\workspacespring\MOP-api-idUnica\src\main\java\br\embrapa\resource\CadMaterialResource.java
G:\Documentos\workspacespring\MOP-api-idUnica\src\main\java\br\embrapa\model\ModMonitoramentoTemplate_.java
G:\Documentos\workspacespring\MOP-api-idUnica\src\main\java\br\embrapa\model\CadTipoDeVerificador.java
G:\Documentos\workspacespring\MOP-api-idUnica\src\main\java\br\embrapa\model\AppAvaliacao_.java
G:\Documentos\workspacespring\MOP-api-idUnica\src\main\java\br\embrapa\model\Permissao.java
G:\Documentos\workspacespring\MOP-api-idUnica\src\main\java\br\embrapa\model\CadTipoDeVerificador_.java
G:\Documentos\workspacespring\MOP-api-idUnica\src\main\java\br\embrapa\repository\filter\ModVerificadoresMonitoramentoTemplateFilter.java
G:\Documentos\workspacespring\MOP-api-idUnica\src\main\java\br\embrapa\service\ModLocal3Service.java
G:\Documentos\workspacespring\MOP-api-idUnica\src\main\java\br\embrapa\cors\CorsFilter.java
G:\Documentos\workspacespring\MOP-api-idUnica\src\main\java\br\embrapa\repository\filter\ModVerificadorLocalFilter.java
G:\Documentos\workspacespring\MOP-api-idUnica\src\main\java\br\embrapa\repository\UsuarioRepository.java
G:\Documentos\workspacespring\MOP-api-idUnica\src\main\java\br\embrapa\resource\ModMonitoramentoTemplateResource.java
G:\Documentos\workspacespring\MOP-api-idUnica\src\main\java\br\embrapa\service\ModLocal2Service.java
G:\Documentos\workspacespring\MOP-api-idUnica\src\main\java\br\embrapa\service\ModLocal1Service.java
G:\Documentos\workspacespring\MOP-api-idUnica\src\main\java\br\embrapa\repository\AppMonitoramentoRepository.java
G:\Documentos\workspacespring\MOP-api-idUnica\src\main\java\br\embrapa\repository\consultas\Verificador_Local_mRepositoryImpl.java
G:\Documentos\workspacespring\MOP-api-idUnica\src\main\java\br\embrapa\resource\AppVerificadoresMonitoramentoResource.java
G:\Documentos\workspacespring\MOP-api-idUnica\src\main\java\br\embrapa\service\CadAmostragemService.java
G:\Documentos\workspacespring\MOP-api-idUnica\src\main\java\br\embrapa\repository\consultas\CadAmostragemRepositoryQuery.java
G:\Documentos\workspacespring\MOP-api-idUnica\src\main\java\br\embrapa\service\CadMaterialService.java
G:\Documentos\workspacespring\MOP-api-idUnica\src\main\java\br\embrapa\repository\ModLocal2Repository.java
G:\Documentos\workspacespring\MOP-api-idUnica\src\main\java\br\embrapa\repository\ModNivel4Repository.java
G:\Documentos\workspacespring\MOP-api-idUnica\src\main\java\br\embrapa\repository\UsuarioInterface.java
G:\Documentos\workspacespring\MOP-api-idUnica\src\main\java\br\embrapa\model\Verificador_Local_m.java
G:\Documentos\workspacespring\MOP-api-idUnica\src\main\java\br\embrapa\repository\projections\CountVerificadores.java
G:\Documentos\workspacespring\MOP-api-idUnica\src\main\java\br\embrapa\repository\consultas\CadFrequenciaRepositoryQuery.java
G:\Documentos\workspacespring\MOP-api-idUnica\src\main\java\br\embrapa\model\ModLocal1.java
G:\Documentos\workspacespring\MOP-api-idUnica\src\main\java\br\embrapa\resource\CadFrequenciaResource.java
G:\Documentos\workspacespring\MOP-api-idUnica\src\main\java\br\embrapa\service\ModVerificadoresMonitoramentoTemplateService.java
G:\Documentos\workspacespring\MOP-api-idUnica\src\main\java\br\embrapa\model\AppVerificadoresMonitoramento.java
G:\Documentos\workspacespring\MOP-api-idUnica\src\main\java\br\embrapa\resource\CadEmpresaResource.java
G:\Documentos\workspacespring\MOP-api-idUnica\src\main\java\br\embrapa\repository\CadFrequenciaRepository.java
G:\Documentos\workspacespring\MOP-api-idUnica\src\main\java\br\embrapa\repository\projections\ResumoModMonitoramentoTemplate.java
G:\Documentos\workspacespring\MOP-api-idUnica\src\main\java\br\embrapa\resource\ModNivel1Resource.java
G:\Documentos\workspacespring\MOP-api-idUnica\src\main\java\br\embrapa\model\ModLocal2_.java
G:\Documentos\workspacespring\MOP-api-idUnica\src\main\java\br\embrapa\model\CadEmpresa_.java
G:\Documentos\workspacespring\MOP-api-idUnica\src\main\java\br\embrapa\repository\projections\ResumoModNivel3.java
G:\Documentos\workspacespring\MOP-api-idUnica\src\main\java\br\embrapa\service\CadTipoDeMetodoService.java
